Startpoint: _21998_ (rising edge-triggered flip-flop clocked by clk)
Endpoint: mem (falling edge-triggered flip-flop clocked by clk)
Path Group: clk
Path Type: min

Fanout     Cap    Slew   Delay    Time   Description
-----------------------------------------------------------------------------
                  0.00    0.00    0.00   clock clk (rise edge)
                          0.00    0.00   clock network delay (ideal)
                  0.00    0.00    0.00 ^ _21998_/CLK (sky130_fd_sc_hd__dfxtp_1)
                  0.03    0.27    0.27 v _21998_/Q (sky130_fd_sc_hd__dfxtp_1)
     1    0.00                           cntlr.core.CPU_inc_pc_a3[2] (net)
                  0.03    0.00    0.27 v _11006_/A1 (sky130_fd_sc_hd__a21oi_1)
                  0.08    0.10    0.38 ^ _11006_/Y (sky130_fd_sc_hd__a21oi_1)
     1    0.00                           _4964_ (net)
                  0.08    0.00    0.38 ^ _11009_/A1 (sky130_fd_sc_hd__a21oi_1)
                  0.04    0.08    0.45 v _11009_/Y (sky130_fd_sc_hd__a21oi_1)
     2    0.00                           cntlr.core.CPU_pc_a0[2] (net)
                  0.04    0.00    0.45 v _9914_/A (sky130_fd_sc_hd__clkinv_1)
                  0.02    0.04    0.49 ^ _9914_/Y (sky130_fd_sc_hd__clkinv_1)
     1    0.00                           _0_ (net)
                  0.02    0.00    0.49 ^ _9916_/A2 (sky130_fd_sc_hd__o21ai_0)
                  0.09    0.09    0.58 v _9916_/Y (sky130_fd_sc_hd__o21ai_0)
     1    0.01                           cntlr.mem_addr[0] (net)
                  0.13    0.00    0.58 v mem/addr0[0] (sram_32_256_sky130A)
                                  0.58   data arrival time

                  0.00    0.00    0.00   clock clk (rise edge)
                          0.00    0.00   clock network delay (ideal)
                          0.00    0.00   clock reconvergence pessimism
                                  0.00 ^ mem/clk0 (sram_32_256_sky130A)
                         -0.06   -0.06   library hold time
                                 -0.06   data required time
-----------------------------------------------------------------------------
                                 -0.06   data required time
                                 -0.58   data arrival time
-----------------------------------------------------------------------------
                                  0.64   slack (MET)


Startpoint: _21699_ (rising edge-triggered flip-flop clocked by clk)
Endpoint: mem (falling edge-triggered flip-flop clocked by clk)
Path Group: clk
Path Type: max

Fanout     Cap    Slew   Delay    Time   Description
-----------------------------------------------------------------------------
                  0.00    0.00    0.00   clock clk (rise edge)
                          0.00    0.00   clock network delay (ideal)
                  0.00    0.00    0.00 ^ _21699_/CLK (sky130_fd_sc_hd__dfxtp_1)
                  0.03    0.28    0.28 v _21699_/Q (sky130_fd_sc_hd__dfxtp_1)
     2    0.00                           cntlr.core.CPU_dmem_rd_en_a4 (net)
                  0.03    0.00    0.28 v _10014_/A (sky130_fd_sc_hd__nor2_1)
                  0.07    0.09    0.37 ^ _10014_/Y (sky130_fd_sc_hd__nor2_1)
     1    0.00                           _4041_ (net)
                  0.07    0.00    0.37 ^ _10015_/C (sky130_fd_sc_hd__nand3_1)
                  0.71    0.57    0.94 v _10015_/Y (sky130_fd_sc_hd__nand3_1)
    29    0.07                           _4042_ (net)
                  0.71    0.00    0.94 v _10016_/A (sky130_fd_sc_hd__clkinv_1)
                  0.61    0.72    1.66 ^ _10016_/Y (sky130_fd_sc_hd__clkinv_1)
    49    0.10                           cntlr.core.CPU_valid_a3 (net)
                  0.61    0.00    1.66 ^ _10017_/A (sky130_fd_sc_hd__nand2_1)
                  0.16    0.17    1.82 v _10017_/Y (sky130_fd_sc_hd__nand2_1)
     3    0.01                           _4043_ (net)
                  0.16    0.00    1.82 v _11002_/B (sky130_fd_sc_hd__nor2_1)
                  2.13    1.62    3.44 ^ _11002_/Y (sky130_fd_sc_hd__nor2_1)
    51    0.13                           _4960_ (net)
                  2.13    0.00    3.44 ^ _11010_/A (sky130_fd_sc_hd__clkinv_1)
                  0.61    0.76    4.20 v _11010_/Y (sky130_fd_sc_hd__clkinv_1)
    14    0.03                           _4967_ (net)
                  0.61    0.00    4.20 v _11039_/B (sky130_fd_sc_hd__nand2_1)
                  0.13    0.21    4.42 ^ _11039_/Y (sky130_fd_sc_hd__nand2_1)
     1    0.00                           _4992_ (net)
                  0.13    0.00    4.42 ^ _11042_/A1 (sky130_fd_sc_hd__a21oi_1)
                  0.06    0.08    4.49 v _11042_/Y (sky130_fd_sc_hd__a21oi_1)
     1    0.00                           _4995_ (net)
                  0.06    0.00    4.49 v _11043_/B1 (sky130_fd_sc_hd__a31oi_1)
                  0.18    0.13    4.62 ^ _11043_/Y (sky130_fd_sc_hd__a31oi_1)
     1    0.00                           _4996_ (net)
                  0.18    0.00    4.62 ^ _11045_/A2 (sky130_fd_sc_hd__a21oi_1)
                  0.20    0.10    4.73 v _11045_/Y (sky130_fd_sc_hd__a21oi_1)
     2    0.00                           cntlr.core.CPU_pc_a0[7] (net)
                  0.20    0.00    4.73 v _9929_/A (sky130_fd_sc_hd__clkinv_1)
                  0.05    0.07    4.80 ^ _9929_/Y (sky130_fd_sc_hd__clkinv_1)
     1    0.00                           _10_ (net)
                  0.05    0.00    4.80 ^ _9931_/A2 (sky130_fd_sc_hd__o21ai_0)
                  0.11    0.10    4.90 v _9931_/Y (sky130_fd_sc_hd__o21ai_0)
     1    0.01                           cntlr.mem_addr[5] (net)
                  0.15    0.00    4.90 v mem/addr0[5] (sram_32_256_sky130A)
                                  4.90   data arrival time

                  0.00   14.50   14.50   clock clk (rise edge)
                          0.00   14.50   clock network delay (ideal)
                          0.00   14.50   clock reconvergence pessimism
                                 14.50 ^ mem/clk0 (sram_32_256_sky130A)
                         -0.10   14.40   library setup time
                                 14.40   data required time
-----------------------------------------------------------------------------
                                 14.40   data required time
                                 -4.90   data arrival time
-----------------------------------------------------------------------------
                                  9.49   slack (MET)


