Startpoint: _20588_ (rising edge-triggered flip-flop clocked by clk)
Endpoint: _21686_ (rising edge-triggered flip-flop clocked by clk)
Path Group: clk
Path Type: min

Fanout       Cap      Slew     Delay      Time   Description
-------------------------------------------------------------------------------------
                    0.0000    0.0000    0.0000   clock clk (rise edge)
                              0.0000    0.0000   clock network delay (ideal)
                    0.0000    0.0000    0.0000 ^ _20588_/CLK (sky130_fd_sc_hd__dfxtp_1)
                    0.0256    0.1768    0.1768 ^ _20588_/Q (sky130_fd_sc_hd__dfxtp_1)
     1    0.0018                                 cntlr.core.CPU_Xreg_value_a5[17][0] (net)
                    0.0256    0.0000    0.1768 ^ _21686_/D (sky130_fd_sc_hd__dfxtp_1)
                                        0.1768   data arrival time

                    0.0000    0.0000    0.0000   clock clk (rise edge)
                              0.0000    0.0000   clock network delay (ideal)
                              0.0000    0.0000   clock reconvergence pessimism
                                        0.0000 ^ _21686_/CLK (sky130_fd_sc_hd__dfxtp_1)
                             -0.0192   -0.0192   library hold time
                                       -0.0192   data required time
-------------------------------------------------------------------------------------
                                       -0.0192   data required time
                                       -0.1768   data arrival time
-------------------------------------------------------------------------------------
                                        0.1960   slack (MET)


Startpoint: _21814_ (rising edge-triggered flip-flop clocked by clk)
Endpoint: _21110_ (rising edge-triggered flip-flop clocked by clk)
Path Group: clk
Path Type: max

Fanout       Cap      Slew     Delay      Time   Description
-------------------------------------------------------------------------------------
                    0.0000    0.0000    0.0000   clock clk (rise edge)
                              0.0000    0.0000   clock network delay (ideal)
                    0.0000    0.0000    0.0000 ^ _21814_/CLK (sky130_fd_sc_hd__dfxtp_1)
                    1.8522    1.4280    1.4280 ^ _21814_/Q (sky130_fd_sc_hd__dfxtp_1)
   113    0.2898                                 cntlr.core.CPU_reset_a3 (net)
                    1.8522    0.0000    1.4280 ^ _16633_/A (sky130_fd_sc_hd__clkinv_1)
                    8.2731    8.5828   10.0108 v _16633_/Y (sky130_fd_sc_hd__clkinv_1)
   913    1.5984                                 _2052_ (net)
                    8.2731    0.0000   10.0108 v _18710_/B (sky130_fd_sc_hd__nand3_1)
                    0.9199    1.0482   11.0590 ^ _18710_/Y (sky130_fd_sc_hd__nand3_1)
     1    0.0018                                 _1000_ (net)
                    0.9199    0.0000   11.0590 ^ _21110_/D (sky130_fd_sc_hd__dfxtp_1)
                                       11.0590   data arrival time

                    0.0000   14.5000   14.5000   clock clk (rise edge)
                              0.0000   14.5000   clock network delay (ideal)
                              0.0000   14.5000   clock reconvergence pessimism
                                       14.5000 ^ _21110_/CLK (sky130_fd_sc_hd__dfxtp_1)
                             -0.0673   14.4327   library setup time
                                       14.4327   data required time
-------------------------------------------------------------------------------------
                                       14.4327   data required time
                                      -11.0590   data arrival time
-------------------------------------------------------------------------------------
                                        3.3737   slack (MET)


