Startpoint: _20588_ (rising edge-triggered flip-flop clocked by clk)
Endpoint: _21686_ (rising edge-triggered flip-flop clocked by clk)
Path Group: clk
Path Type: min

Fanout       Cap      Slew     Delay      Time   Description
-------------------------------------------------------------------------------------
                    0.0000    0.0000    0.0000   clock clk (rise edge)
                              0.0000    0.0000   clock network delay (ideal)
                    0.0000    0.0000    0.0000 ^ _20588_/CLK (sky130_fd_sc_hd__dfxtp_1)
                    0.0334    0.2625    0.2625 ^ _20588_/Q (sky130_fd_sc_hd__dfxtp_1)
     1    0.0017                                 cntlr.core.CPU_Xreg_value_a5[17][0] (net)
                    0.0334    0.0000    0.2625 ^ _21686_/D (sky130_fd_sc_hd__dfxtp_1)
                                        0.2625   data arrival time

                    0.0000    0.0000    0.0000   clock clk (rise edge)
                              0.0000    0.0000   clock network delay (ideal)
                              0.0000    0.0000   clock reconvergence pessimism
                                        0.0000 ^ _21686_/CLK (sky130_fd_sc_hd__dfxtp_1)
                             -0.0291   -0.0291   library hold time
                                       -0.0291   data required time
-------------------------------------------------------------------------------------
                                       -0.0291   data required time
                                       -0.2625   data arrival time
-------------------------------------------------------------------------------------
                                        0.2915   slack (MET)


Startpoint: _21814_ (rising edge-triggered flip-flop clocked by clk)
Endpoint: _21110_ (rising edge-triggered flip-flop clocked by clk)
Path Group: clk
Path Type: max

Fanout       Cap      Slew     Delay      Time   Description
-------------------------------------------------------------------------------------
                    0.0000    0.0000    0.0000   clock clk (rise edge)
                              0.0000    0.0000   clock network delay (ideal)
                    0.0000    0.0000    0.0000 ^ _21814_/CLK (sky130_fd_sc_hd__dfxtp_1)
                    2.7661    2.1742    2.1742 ^ _21814_/Q (sky130_fd_sc_hd__dfxtp_1)
   113    0.2629                                 cntlr.core.CPU_reset_a3 (net)
                    2.7661    0.0000    2.1742 ^ _16633_/A (sky130_fd_sc_hd__clkinv_1)
                    6.1607    8.4378   10.6120 v _16633_/Y (sky130_fd_sc_hd__clkinv_1)
   913    1.4239                                 _2052_ (net)
                    6.1607    0.0000   10.6120 v _18710_/B (sky130_fd_sc_hd__nand3_1)
                    0.8875    1.8911   12.5031 ^ _18710_/Y (sky130_fd_sc_hd__nand3_1)
     1    0.0017                                 _1000_ (net)
                    0.8875    0.0000   12.5031 ^ _21110_/D (sky130_fd_sc_hd__dfxtp_1)
                                       12.5031   data arrival time

                    0.0000   14.5000   14.5000   clock clk (rise edge)
                              0.0000   14.5000   clock network delay (ideal)
                              0.0000   14.5000   clock reconvergence pessimism
                                       14.5000 ^ _21110_/CLK (sky130_fd_sc_hd__dfxtp_1)
                             -0.2128   14.2872   library setup time
                                       14.2872   data required time
-------------------------------------------------------------------------------------
                                       14.2872   data required time
                                      -12.5031   data arrival time
-------------------------------------------------------------------------------------
                                        1.7841   slack (MET)


