Startpoint: _20588_ (rising edge-triggered flip-flop clocked by clk)
Endpoint: _21686_ (rising edge-triggered flip-flop clocked by clk)
Path Group: clk
Path Type: min

Fanout       Cap      Slew     Delay      Time   Description
-------------------------------------------------------------------------------------
                    0.0000    0.0000    0.0000   clock clk (rise edge)
                              0.0000    0.0000   clock network delay (ideal)
                    0.0000    0.0000    0.0000 ^ _20588_/CLK (sky130_fd_sc_hd__dfxtp_1)
                    0.0340    0.5413    0.5413 v _20588_/Q (sky130_fd_sc_hd__dfxtp_1)
     1    0.0015                                 cntlr.core.CPU_Xreg_value_a5[17][0] (net)
                    0.0340    0.0000    0.5413 v _21686_/D (sky130_fd_sc_hd__dfxtp_1)
                                        0.5413   data arrival time

                    0.0000    0.0000    0.0000   clock clk (rise edge)
                              0.0000    0.0000   clock network delay (ideal)
                              0.0000    0.0000   clock reconvergence pessimism
                                        0.0000 ^ _21686_/CLK (sky130_fd_sc_hd__dfxtp_1)
                             -0.1215   -0.1215   library hold time
                                       -0.1215   data required time
-------------------------------------------------------------------------------------
                                       -0.1215   data required time
                                       -0.5413   data arrival time
-------------------------------------------------------------------------------------
                                        0.6628   slack (MET)


Startpoint: _21814_ (rising edge-triggered flip-flop clocked by clk)
Endpoint: _21110_ (rising edge-triggered flip-flop clocked by clk)
Path Group: clk
Path Type: max

Fanout       Cap      Slew     Delay      Time   Description
-------------------------------------------------------------------------------------
                    0.0000    0.0000    0.0000   clock clk (rise edge)
                              0.0000    0.0000   clock network delay (ideal)
                    0.0000    0.0000    0.0000 ^ _21814_/CLK (sky130_fd_sc_hd__dfxtp_1)
                    4.9299    4.2154    4.2154 ^ _21814_/Q (sky130_fd_sc_hd__dfxtp_1)
   113    0.2612                                 cntlr.core.CPU_reset_a3 (net)
                    4.9299    0.0000    4.2154 ^ _16633_/A (sky130_fd_sc_hd__clkinv_1)
                   13.9145   13.9611   18.1765 v _16633_/Y (sky130_fd_sc_hd__clkinv_1)
   913    1.3446                                 _2052_ (net)
                   13.9145    0.0000   18.1765 v _18710_/B (sky130_fd_sc_hd__nand3_1)
                    1.5408    5.4628   23.6392 ^ _18710_/Y (sky130_fd_sc_hd__nand3_1)
     1    0.0015                                 _1000_ (net)
                    1.5408    0.0000   23.6392 ^ _21110_/D (sky130_fd_sc_hd__dfxtp_1)
                                       23.6392   data arrival time

                    0.0000   14.5000   14.5000   clock clk (rise edge)
                              0.0000   14.5000   clock network delay (ideal)
                              0.0000   14.5000   clock reconvergence pessimism
                                       14.5000 ^ _21110_/CLK (sky130_fd_sc_hd__dfxtp_1)
                             -0.6333   13.8667   library setup time
                                       13.8667   data required time
-------------------------------------------------------------------------------------
                                       13.8667   data required time
                                      -23.6392   data arrival time
-------------------------------------------------------------------------------------
                                       -9.7725   slack (VIOLATED)


