Startpoint: _20588_ (rising edge-triggered flip-flop clocked by clk)
Endpoint: _21686_ (rising edge-triggered flip-flop clocked by clk)
Path Group: clk
Path Type: min

Fanout       Cap      Slew     Delay      Time   Description
-------------------------------------------------------------------------------------
                    0.0000    0.0000    0.0000   clock clk (rise edge)
                              0.0000    0.0000   clock network delay (ideal)
                    0.0000    0.0000    0.0000 ^ _20588_/CLK (sky130_fd_sc_hd__dfxtp_1)
                    0.0508    0.9091    0.9091 v _20588_/Q (sky130_fd_sc_hd__dfxtp_1)
     1    0.0014                                 cntlr.core.CPU_Xreg_value_a5[17][0] (net)
                    0.0508    0.0000    0.9091 v _21686_/D (sky130_fd_sc_hd__dfxtp_1)
                                        0.9091   data arrival time

                    0.0000    0.0000    0.0000   clock clk (rise edge)
                              0.0000    0.0000   clock network delay (ideal)
                              0.0000    0.0000   clock reconvergence pessimism
                                        0.0000 ^ _21686_/CLK (sky130_fd_sc_hd__dfxtp_1)
                             -0.2158   -0.2158   library hold time
                                       -0.2158   data required time
-------------------------------------------------------------------------------------
                                       -0.2158   data required time
                                       -0.9091   data arrival time
-------------------------------------------------------------------------------------
                                        1.1249   slack (MET)


Startpoint: _21953_ (rising edge-triggered flip-flop clocked by clk)
Endpoint: _21926_ (rising edge-triggered flip-flop clocked by clk)
Path Group: clk
Path Type: max

Fanout       Cap      Slew     Delay      Time   Description
-------------------------------------------------------------------------------------
                    0.0000    0.0000    0.0000   clock clk (rise edge)
                              0.0000    0.0000   clock network delay (ideal)
                    0.0000    0.0000    0.0000 ^ _21953_/CLK (sky130_fd_sc_hd__dfxtp_1)
                    3.1525    3.4120    3.4120 ^ _21953_/Q (sky130_fd_sc_hd__dfxtp_1)
    46    0.0972                                 cntlr.core.CPU_is_slli_a3 (net)
                    3.1525    0.0000    3.4120 ^ _11244_/A (sky130_fd_sc_hd__clkinv_1)
                    0.9172    2.3176    5.7296 v _11244_/Y (sky130_fd_sc_hd__clkinv_1)
    24    0.0400                                 _5162_ (net)
                    0.9172    0.0000    5.7296 v _11371_/D (sky130_fd_sc_hd__nor4_1)
                    0.8316    1.1914    6.9211 ^ _11371_/Y (sky130_fd_sc_hd__nor4_1)
     1    0.0021                                 _5289_ (net)
                    0.8316    0.0000    6.9211 ^ _11372_/A (sky130_fd_sc_hd__nand3_1)
                    0.4294    0.7065    7.6276 v _11372_/Y (sky130_fd_sc_hd__nand3_1)
     6    0.0113                                 _5290_ (net)
                    0.4294    0.0000    7.6276 v _11374_/A2 (sky130_fd_sc_hd__o21ai_0)
                   14.1285   11.3806   19.0081 ^ _11374_/Y (sky130_fd_sc_hd__o21ai_0)
    65    0.1203                                 _5292_ (net)
                   14.1285    0.0000   19.0081 ^ _12480_/A2 (sky130_fd_sc_hd__o21ai_0)
                    1.2651    4.8477   23.8559 v _12480_/Y (sky130_fd_sc_hd__o21ai_0)
     2    0.0040                                 _6386_ (net)
                    1.2651    0.0000   23.8559 v _12729_/A2 (sky130_fd_sc_hd__o21a_1)
                    0.1071    1.4162   25.2720 v _12729_/X (sky130_fd_sc_hd__o21a_1)
     2    0.0034                                 _6633_ (net)
                    0.1071    0.0000   25.2720 v _13157_/A2 (sky130_fd_sc_hd__o21ai_0)
                    0.6940    0.6991   25.9711 ^ _13157_/Y (sky130_fd_sc_hd__o21ai_0)
     2    0.0042                                 _7057_ (net)
                    0.6940    0.0000   25.9711 ^ _13158_/A (sky130_fd_sc_hd__nand2_1)
                    0.1495    0.3580   26.3292 v _13158_/Y (sky130_fd_sc_hd__nand2_1)
     1    0.0014                                 _7058_ (net)
                    0.1495    0.0000   26.3292 v _13159_/B1 (sky130_fd_sc_hd__o21ai_0)
                    0.7468    0.3381   26.6673 ^ _13159_/Y (sky130_fd_sc_hd__o21ai_0)
     3    0.0047                                 _7059_ (net)
                    0.7468    0.0000   26.6673 ^ _13160_/A2 (sky130_fd_sc_hd__o21ai_0)
                    0.3558    0.4653   27.1326 v _13160_/Y (sky130_fd_sc_hd__o21ai_0)
     1    0.0020                                 _7060_ (net)
                    0.3558    0.0000   27.1326 v _13161_/A (sky130_fd_sc_hd__nand2_1)
                    0.1491    0.3283   27.4608 ^ _13161_/Y (sky130_fd_sc_hd__nand2_1)
     1    0.0022                                 _7061_ (net)
                    0.1491    0.0000   27.4608 ^ _13162_/B1 (sky130_fd_sc_hd__a21oi_1)
                    0.1109    0.1142   27.5750 v _13162_/Y (sky130_fd_sc_hd__a21oi_1)
     1    0.0020                                 _7062_ (net)
                    0.1109    0.0000   27.5750 v _13165_/A2 (sky130_fd_sc_hd__o211ai_1)
                    0.5318    0.6239   28.1989 ^ _13165_/Y (sky130_fd_sc_hd__o211ai_1)
     1    0.0021                                 _7065_ (net)
                    0.5318    0.0000   28.1989 ^ _13171_/A1 (sky130_fd_sc_hd__a21oi_1)
                    0.0996    0.3167   28.5156 v _13171_/Y (sky130_fd_sc_hd__a21oi_1)
     1    0.0014                                 _7071_ (net)
                    0.0996    0.0000   28.5156 v _13175_/A2 (sky130_fd_sc_hd__o21ai_0)
                    0.4375    0.5050   29.0207 ^ _13175_/Y (sky130_fd_sc_hd__o21ai_0)
     1    0.0021                                 _7075_ (net)
                    0.4375    0.0000   29.0207 ^ _13179_/A1 (sky130_fd_sc_hd__a21oi_1)
                    0.0972    0.2880   29.3086 v _13179_/Y (sky130_fd_sc_hd__a21oi_1)
     1    0.0020                                 _7079_ (net)
                    0.0972    0.0000   29.3086 v _13189_/A2 (sky130_fd_sc_hd__o21bai_1)
                    1.0576    0.9912   30.2998 ^ _13189_/Y (sky130_fd_sc_hd__o21bai_1)
     5    0.0106                                 _7089_ (net)
                    1.0576    0.0000   30.2998 ^ _15979_/A1 (sky130_fd_sc_hd__a311oi_1)
                    1.0007    0.7094   31.0092 v _15979_/Y (sky130_fd_sc_hd__a311oi_1)
     3    0.0059                                 _9816_ (net)
                    1.0007    0.0000   31.0092 v _15980_/A (sky130_fd_sc_hd__nor2_1)
                    1.0904    1.5299   32.5391 ^ _15980_/Y (sky130_fd_sc_hd__nor2_1)
     6    0.0146                                 _9817_ (net)
                    1.0904    0.0000   32.5391 ^ _15998_/B (sky130_fd_sc_hd__nand3_1)
                    0.1825    0.6130   33.1521 v _15998_/Y (sky130_fd_sc_hd__nand3_1)
     1    0.0020                                 _9833_ (net)
                    0.1825    0.0000   33.1521 v _15999_/B (sky130_fd_sc_hd__nor2_1)
                    0.5422    0.5680   33.7201 ^ _15999_/Y (sky130_fd_sc_hd__nor2_1)
     3    0.0064                                 _9834_ (net)
                    0.5422    0.0000   33.7201 ^ _16016_/C (sky130_fd_sc_hd__nand3_1)
                    0.2251    0.4701   34.1902 v _16016_/Y (sky130_fd_sc_hd__nand3_1)
     3    0.0059                                 _9849_ (net)
                    0.2251    0.0000   34.1902 v _16093_/A2 (sky130_fd_sc_hd__a211oi_1)
                    1.4121    1.5544   35.7446 ^ _16093_/Y (sky130_fd_sc_hd__a211oi_1)
     4    0.0081                                 _1582_ (net)
                    1.4121    0.0000   35.7446 ^ _16118_/A2 (sky130_fd_sc_hd__o21ai_0)
                    0.2229    0.7890   36.5336 v _16118_/Y (sky130_fd_sc_hd__o21ai_0)
     2    0.0035                                 _1605_ (net)
                    0.2229    0.0000   36.5336 v _16126_/A1 (sky130_fd_sc_hd__a21boi_0)
                    0.8564    0.9381   37.4717 ^ _16126_/Y (sky130_fd_sc_hd__a21boi_0)
     3    0.0059                                 _1613_ (net)
                    0.8564    0.0000   37.4717 ^ _16130_/B (sky130_fd_sc_hd__nor2_1)
                    0.1280    0.4028   37.8745 v _16130_/Y (sky130_fd_sc_hd__nor2_1)
     1    0.0020                                 _1616_ (net)
                    0.1280    0.0000   37.8745 v _16135_/A (sky130_fd_sc_hd__nand3_1)
                    0.1930    0.2172   38.0918 ^ _16135_/Y (sky130_fd_sc_hd__nand3_1)
     1    0.0021                                 _1621_ (net)
                    0.1930    0.0000   38.0918 ^ _16138_/A (sky130_fd_sc_hd__nand2_1)
                    0.0728    0.1526   38.2444 v _16138_/Y (sky130_fd_sc_hd__nand2_1)
     1    0.0014                                 cntlr.core.CPU_jalr_tgt_pc_a2[27] (net)
                    0.0728    0.0000   38.2444 v _21926_/D (sky130_fd_sc_hd__dfxtp_1)
                                       38.2444   data arrival time

                    0.0000   14.5000   14.5000   clock clk (rise edge)
                              0.0000   14.5000   clock network delay (ideal)
                              0.0000   14.5000   clock reconvergence pessimism
                                       14.5000 ^ _21926_/CLK (sky130_fd_sc_hd__dfxtp_1)
                             -0.8203   13.6797   library setup time
                                       13.6797   data required time
-------------------------------------------------------------------------------------
                                       13.6797   data required time
                                      -38.2444   data arrival time
-------------------------------------------------------------------------------------
                                      -24.5647   slack (VIOLATED)


