Startpoint: _22005_ (rising edge-triggered flip-flop clocked by clk)
Endpoint: mem (falling edge-triggered flip-flop clocked by clk)
Path Group: clk
Path Type: min

Fanout       Cap      Slew     Delay      Time   Description
-------------------------------------------------------------------------------------
                    0.0000    0.0000    0.0000   clock clk (rise edge)
                              0.0000    0.0000   clock network delay (ideal)
                    0.0000    0.0000    0.0000 ^ _22005_/CLK (sky130_fd_sc_hd__dfxtp_1)
                    0.0245    0.2299    0.2299 v _22005_/Q (sky130_fd_sc_hd__dfxtp_1)
     1    0.0023                                 cntlr.core.CPU_inc_pc_a3[9] (net)
                    0.0245    0.0000    0.2299 v _11057_/A1 (sky130_fd_sc_hd__a21oi_1)
                    0.0522    0.0832    0.3131 ^ _11057_/Y (sky130_fd_sc_hd__a21oi_1)
     1    0.0024                                 _5008_ (net)
                    0.0522    0.0000    0.3131 ^ _11059_/A2 (sky130_fd_sc_hd__a21oi_1)
                    0.0382    0.0656    0.3787 v _11059_/Y (sky130_fd_sc_hd__a21oi_1)
     2    0.0047                                 cntlr.core.CPU_pc_a0[9] (net)
                    0.0382    0.0000    0.3787 v _9935_/A (sky130_fd_sc_hd__clkinv_1)
                    0.0204    0.0279    0.4066 ^ _9935_/Y (sky130_fd_sc_hd__clkinv_1)
     1    0.0019                                 _14_ (net)
                    0.0204    0.0000    0.4066 ^ _9937_/A2 (sky130_fd_sc_hd__o21ai_0)
                    0.0790    0.0900    0.4966 v _9937_/Y (sky130_fd_sc_hd__o21ai_0)
     1    0.0069                                 cntlr.mem_addr[7] (net)
                    0.1053    0.0000    0.4966 v mem/addr0[7] (sram_32_256_sky130A)
                                        0.4966   data arrival time

                    0.0000    0.0000    0.0000   clock clk (rise edge)
                              0.0000    0.0000   clock network delay (ideal)
                              0.0000    0.0000   clock reconvergence pessimism
                                        0.0000 ^ mem/clk0 (sram_32_256_sky130A)
                             -0.0560   -0.0560   library hold time
                                       -0.0560   data required time
-------------------------------------------------------------------------------------
                                       -0.0560   data required time
                                       -0.4966   data arrival time
-------------------------------------------------------------------------------------
                                        0.5526   slack (MET)


Startpoint: _21698_ (rising edge-triggered flip-flop clocked by clk)
Endpoint: mem (falling edge-triggered flip-flop clocked by clk)
Path Group: clk
Path Type: max

Fanout       Cap      Slew     Delay      Time   Description
-------------------------------------------------------------------------------------
                    0.0000    0.0000    0.0000   clock clk (rise edge)
                              0.0000    0.0000   clock network delay (ideal)
                    0.0000    0.0000    0.0000 ^ _21698_/CLK (sky130_fd_sc_hd__dfxtp_1)
                    0.0336    0.2397    0.2397 v _21698_/Q (sky130_fd_sc_hd__dfxtp_1)
     2    0.0045                                 cntlr.core.CPU_valid_load_a5 (net)
                    0.0336    0.0000    0.2397 v _10013_/A (sky130_fd_sc_hd__nor2_1)
                    0.0609    0.0703    0.3100 ^ _10013_/Y (sky130_fd_sc_hd__nor2_1)
     1    0.0025                                 _4040_ (net)
                    0.0609    0.0000    0.3100 ^ _10015_/B (sky130_fd_sc_hd__nand3_1)
                    0.6787    0.5274    0.8374 v _10015_/Y (sky130_fd_sc_hd__nand3_1)
    29    0.0751                                 _4042_ (net)
                    0.6787    0.0000    0.8374 v _10016_/A (sky130_fd_sc_hd__clkinv_1)
                    0.5602    0.5865    1.4239 ^ _10016_/Y (sky130_fd_sc_hd__clkinv_1)
    49    0.1046                                 cntlr.core.CPU_valid_a3 (net)
                    0.5602    0.0000    1.4239 ^ _10017_/A (sky130_fd_sc_hd__nand2_1)
                    0.1495    0.1268    1.5507 v _10017_/Y (sky130_fd_sc_hd__nand2_1)
     3    0.0074                                 _4043_ (net)
                    0.1495    0.0000    1.5507 v _11002_/B (sky130_fd_sc_hd__nor2_1)
                    1.7587    1.2854    2.8361 ^ _11002_/Y (sky130_fd_sc_hd__nor2_1)
    51    0.1255                                 _4960_ (net)
                    1.7587    0.0000    2.8361 ^ _11010_/A (sky130_fd_sc_hd__clkinv_1)
                    0.5335    0.6030    3.4391 v _11010_/Y (sky130_fd_sc_hd__clkinv_1)
    14    0.0292                                 _4967_ (net)
                    0.5335    0.0000    3.4391 v _11032_/B (sky130_fd_sc_hd__nand2_1)
                    0.1123    0.1391    3.5782 ^ _11032_/Y (sky130_fd_sc_hd__nand2_1)
     1    0.0023                                 _4986_ (net)
                    0.1123    0.0000    3.5782 ^ _11034_/A (sky130_fd_sc_hd__nand3_1)
                    0.0777    0.0643    3.6425 v _11034_/Y (sky130_fd_sc_hd__nand3_1)
     1    0.0023                                 _4988_ (net)
                    0.0777    0.0000    3.6425 v _11035_/C1 (sky130_fd_sc_hd__o211ai_1)
                    0.1874    0.0710    3.7135 ^ _11035_/Y (sky130_fd_sc_hd__o211ai_1)
     1    0.0024                                 _4989_ (net)
                    0.1874    0.0000    3.7135 ^ _11038_/A2 (sky130_fd_sc_hd__a21oi_1)
                    0.0710    0.0919    3.8054 v _11038_/Y (sky130_fd_sc_hd__a21oi_1)
     2    0.0047                                 cntlr.core.CPU_pc_a0[6] (net)
                    0.0710    0.0000    3.8054 v _9926_/A (sky130_fd_sc_hd__clkinv_1)
                    0.0281    0.0342    3.8396 ^ _9926_/Y (sky130_fd_sc_hd__clkinv_1)
     1    0.0019                                 _8_ (net)
                    0.0281    0.0000    3.8396 ^ _9928_/A2 (sky130_fd_sc_hd__o21ai_0)
                    0.1985    0.0923    3.9319 v _9928_/Y (sky130_fd_sc_hd__o21ai_0)
     1    0.0069                                 cntlr.mem_addr[4] (net)
                    0.2646    0.0000    3.9319 v mem/addr0[4] (sram_32_256_sky130A)
                                        3.9319   data arrival time

                    0.0000   10.0000   10.0000   clock clk (rise edge)
                              0.0000   10.0000   clock network delay (ideal)
                              0.0000   10.0000   clock reconvergence pessimism
                                       10.0000 ^ mem/clk0 (sram_32_256_sky130A)
                             -0.1030    9.8970   library setup time
                                        9.8970   data required time
-------------------------------------------------------------------------------------
                                        9.8970   data required time
                                       -3.9319   data arrival time
-------------------------------------------------------------------------------------
                                        5.9651   slack (MET)


