Startpoint: _20588_ (rising edge-triggered flip-flop clocked by clk)
Endpoint: _21686_ (rising edge-triggered flip-flop clocked by clk)
Path Group: clk
Path Type: min

Fanout       Cap      Slew     Delay      Time   Description
-------------------------------------------------------------------------------------
                    0.0000    0.0000    0.0000   clock clk (rise edge)
                              0.0000    0.0000   clock network delay (ideal)
                    0.0000    0.0000    0.0000 ^ _20588_/CLK (sky130_fd_sc_hd__dfxtp_1)
                    0.0302    0.2304    0.2304 ^ _20588_/Q (sky130_fd_sc_hd__dfxtp_1)
     1    0.0017                                 cntlr.core.CPU_Xreg_value_a5[17][0] (net)
                    0.0302    0.0000    0.2304 ^ _21686_/D (sky130_fd_sc_hd__dfxtp_1)
                                        0.2304   data arrival time

                    0.0000    0.0000    0.0000   clock clk (rise edge)
                              0.0000    0.0000   clock network delay (ideal)
                              0.0000    0.0000   clock reconvergence pessimism
                                        0.0000 ^ _21686_/CLK (sky130_fd_sc_hd__dfxtp_1)
                             -0.0247   -0.0247   library hold time
                                       -0.0247   data required time
-------------------------------------------------------------------------------------
                                       -0.0247   data required time
                                       -0.2304   data arrival time
-------------------------------------------------------------------------------------
                                        0.2551   slack (MET)


Startpoint: _21814_ (rising edge-triggered flip-flop clocked by clk)
Endpoint: _21110_ (rising edge-triggered flip-flop clocked by clk)
Path Group: clk
Path Type: max

Fanout       Cap      Slew     Delay      Time   Description
-------------------------------------------------------------------------------------
                    0.0000    0.0000    0.0000   clock clk (rise edge)
                              0.0000    0.0000   clock network delay (ideal)
                    0.0000    0.0000    0.0000 ^ _21814_/CLK (sky130_fd_sc_hd__dfxtp_1)
                    2.5060    1.9462    1.9462 ^ _21814_/Q (sky130_fd_sc_hd__dfxtp_1)
   113    0.2681                                 cntlr.core.CPU_reset_a3 (net)
                    2.5060    0.0000    1.9462 ^ _16633_/A (sky130_fd_sc_hd__clkinv_1)
                    5.9678    7.9975    9.9437 v _16633_/Y (sky130_fd_sc_hd__clkinv_1)
   913    1.4532                                 _2052_ (net)
                    5.9678    0.0000    9.9437 v _18710_/B (sky130_fd_sc_hd__nand3_1)
                    0.7915    1.5639   11.5076 ^ _18710_/Y (sky130_fd_sc_hd__nand3_1)
     1    0.0017                                 _1000_ (net)
                    0.7915    0.0000   11.5076 ^ _21110_/D (sky130_fd_sc_hd__dfxtp_1)
                                       11.5076   data arrival time

                    0.0000   10.0000   10.0000   clock clk (rise edge)
                              0.0000   10.0000   clock network delay (ideal)
                              0.0000   10.0000   clock reconvergence pessimism
                                       10.0000 ^ _21110_/CLK (sky130_fd_sc_hd__dfxtp_1)
                             -0.1597    9.8403   library setup time
                                        9.8403   data required time
-------------------------------------------------------------------------------------
                                        9.8403   data required time
                                      -11.5076   data arrival time
-------------------------------------------------------------------------------------
                                       -1.6673   slack (VIOLATED)


