Startpoint: _21998_ (rising edge-triggered flip-flop clocked by clk)
Endpoint: mem (falling edge-triggered flip-flop clocked by clk)
Path Group: clk
Path Type: min

Fanout       Cap      Slew     Delay      Time   Description
-------------------------------------------------------------------------------------
                    0.0000    0.0000    0.0000   clock clk (rise edge)
                              0.0000    0.0000   clock network delay (ideal)
                    0.0000    0.0000    0.0000 ^ _21998_/CLK (sky130_fd_sc_hd__dfxtp_1)
                    0.0183    0.1733    0.1733 v _21998_/Q (sky130_fd_sc_hd__dfxtp_1)
     1    0.0023                                 cntlr.core.CPU_inc_pc_a3[2] (net)
                    0.0183    0.0000    0.1733 v _11006_/A1 (sky130_fd_sc_hd__a21oi_1)
                    0.0588    0.0711    0.2444 ^ _11006_/Y (sky130_fd_sc_hd__a21oi_1)
     1    0.0024                                 _4964_ (net)
                    0.0588    0.0000    0.2444 ^ _11009_/A1 (sky130_fd_sc_hd__a21oi_1)
                    0.0280    0.0439    0.2883 v _11009_/Y (sky130_fd_sc_hd__a21oi_1)
     2    0.0047                                 cntlr.core.CPU_pc_a0[2] (net)
                    0.0280    0.0000    0.2883 v _9914_/A (sky130_fd_sc_hd__clkinv_1)
                    0.0156    0.0242    0.3125 ^ _9914_/Y (sky130_fd_sc_hd__clkinv_1)
     1    0.0019                                 _0_ (net)
                    0.0156    0.0000    0.3125 ^ _9916_/A2 (sky130_fd_sc_hd__o21ai_0)
                    0.0546    0.0581    0.3706 v _9916_/Y (sky130_fd_sc_hd__o21ai_0)
     1    0.0069                                 cntlr.mem_addr[0] (net)
                    0.0728    0.0000    0.3706 v mem/addr0[0] (sram_32_256_sky130A)
                                        0.3706   data arrival time

                    0.0000    0.0000    0.0000   clock clk (rise edge)
                              0.0000    0.0000   clock network delay (ideal)
                              0.0000    0.0000   clock reconvergence pessimism
                                        0.0000 ^ mem/clk0 (sram_32_256_sky130A)
                             -0.0560   -0.0560   library hold time
                                       -0.0560   data required time
-------------------------------------------------------------------------------------
                                       -0.0560   data required time
                                       -0.3706   data arrival time
-------------------------------------------------------------------------------------
                                        0.4266   slack (MET)


Startpoint: _21699_ (rising edge-triggered flip-flop clocked by clk)
Endpoint: mem (falling edge-triggered flip-flop clocked by clk)
Path Group: clk
Path Type: max

Fanout       Cap      Slew     Delay      Time   Description
-------------------------------------------------------------------------------------
                    0.0000    0.0000    0.0000   clock clk (rise edge)
                              0.0000    0.0000   clock network delay (ideal)
                    0.0000    0.0000    0.0000 ^ _21699_/CLK (sky130_fd_sc_hd__dfxtp_1)
                    0.0237    0.1795    0.1795 v _21699_/Q (sky130_fd_sc_hd__dfxtp_1)
     2    0.0041                                 cntlr.core.CPU_dmem_rd_en_a4 (net)
                    0.0237    0.0000    0.1795 v _10014_/A (sky130_fd_sc_hd__nor2_1)
                    0.0509    0.0593    0.2388 ^ _10014_/Y (sky130_fd_sc_hd__nor2_1)
     1    0.0025                                 _4041_ (net)
                    0.0509    0.0000    0.2388 ^ _10015_/C (sky130_fd_sc_hd__nand3_1)
                    0.4060    0.3287    0.5675 v _10015_/Y (sky130_fd_sc_hd__nand3_1)
    29    0.0744                                 _4042_ (net)
                    0.4060    0.0000    0.5675 v _10016_/A (sky130_fd_sc_hd__clkinv_1)
                    0.4571    0.4735    1.0410 ^ _10016_/Y (sky130_fd_sc_hd__clkinv_1)
    49    0.1049                                 cntlr.core.CPU_valid_a3 (net)
                    0.4571    0.0000    1.0410 ^ _10017_/A (sky130_fd_sc_hd__nand2_1)
                    0.1071    0.0564    1.0974 v _10017_/Y (sky130_fd_sc_hd__nand2_1)
     3    0.0073                                 _4043_ (net)
                    0.1071    0.0000    1.0974 v _11002_/B (sky130_fd_sc_hd__nor2_1)
                    1.5231    1.1342    2.2316 ^ _11002_/Y (sky130_fd_sc_hd__nor2_1)
    51    0.1258                                 _4960_ (net)
                    1.5231    0.0000    2.2316 ^ _11010_/A (sky130_fd_sc_hd__clkinv_1)
                    0.4179    0.3463    2.5779 v _11010_/Y (sky130_fd_sc_hd__clkinv_1)
    14    0.0290                                 _4967_ (net)
                    0.4179    0.0000    2.5779 v _11039_/B (sky130_fd_sc_hd__nand2_1)
                    0.0867    0.1423    2.7203 ^ _11039_/Y (sky130_fd_sc_hd__nand2_1)
     1    0.0024                                 _4992_ (net)
                    0.0867    0.0000    2.7203 ^ _11042_/A1 (sky130_fd_sc_hd__a21oi_1)
                    0.0340    0.0371    2.7574 v _11042_/Y (sky130_fd_sc_hd__a21oi_1)
     1    0.0022                                 _4995_ (net)
                    0.0340    0.0000    2.7574 v _11043_/B1 (sky130_fd_sc_hd__a31oi_1)
                    0.1309    0.0468    2.8042 ^ _11043_/Y (sky130_fd_sc_hd__a31oi_1)
     1    0.0024                                 _4996_ (net)
                    0.1309    0.0000    2.8042 ^ _11045_/A2 (sky130_fd_sc_hd__a21oi_1)
                    0.1397    0.0583    2.8625 v _11045_/Y (sky130_fd_sc_hd__a21oi_1)
     2    0.0047                                 cntlr.core.CPU_pc_a0[7] (net)
                    0.1397    0.0000    2.8625 v _9929_/A (sky130_fd_sc_hd__clkinv_1)
                    0.0364    0.0481    2.9105 ^ _9929_/Y (sky130_fd_sc_hd__clkinv_1)
     1    0.0019                                 _10_ (net)
                    0.0364    0.0000    2.9105 ^ _9931_/A2 (sky130_fd_sc_hd__o21ai_0)
                    0.1605    0.0638    2.9743 v _9931_/Y (sky130_fd_sc_hd__o21ai_0)
     1    0.0069                                 cntlr.mem_addr[5] (net)
                    0.2140    0.0000    2.9743 v mem/addr0[5] (sram_32_256_sky130A)
                                        2.9743   data arrival time

                    0.0000   10.0000   10.0000   clock clk (rise edge)
                              0.0000   10.0000   clock network delay (ideal)
                              0.0000   10.0000   clock reconvergence pessimism
                                       10.0000 ^ mem/clk0 (sram_32_256_sky130A)
                             -0.1030    9.8970   library setup time
                                        9.8970   data required time
-------------------------------------------------------------------------------------
                                        9.8970   data required time
                                       -2.9743   data arrival time
-------------------------------------------------------------------------------------
                                        6.9227   slack (MET)


