Startpoint: init_data[0] (input port clocked by clk)
Endpoint: mem (falling edge-triggered flip-flop clocked by clk)
Path Group: clk
Path Type: min

Fanout       Cap      Slew     Delay      Time   Description
-------------------------------------------------------------------------------------
                    0.0000    0.0000    0.0000   clock clk (rise edge)
                              0.0000    0.0000   clock network delay (ideal)
                              0.5000    0.5000 v input external delay
                    0.5000    0.0000    0.5000 v init_data[0] (in)
     1    0.0069                                 init_data[0] (net)
                    0.5000    0.0000    0.5000 v mem/din0[0] (sram_32_256_sky130A)
                                        0.5000   data arrival time

                    0.0000    0.0000    0.0000   clock clk (rise edge)
                              0.0000    0.0000   clock network delay (ideal)
                              0.0000    0.0000   clock reconvergence pessimism
                                        0.0000 ^ mem/clk0 (sram_32_256_sky130A)
                             -0.0560   -0.0560   library hold time
                                       -0.0560   data required time
-------------------------------------------------------------------------------------
                                       -0.0560   data required time
                                       -0.5000   data arrival time
-------------------------------------------------------------------------------------
                                        0.5560   slack (MET)


Startpoint: _21814_ (rising edge-triggered flip-flop clocked by clk)
Endpoint: _20146_ (rising edge-triggered flip-flop clocked by clk)
Path Group: clk
Path Type: max

Fanout       Cap      Slew     Delay      Time   Description
-------------------------------------------------------------------------------------
                    0.0000    0.0000    0.0000   clock clk (rise edge)
                              0.0000    0.0000   clock network delay (ideal)
                    0.0000    0.0000    0.0000 ^ _21814_/CLK (sky130_fd_sc_hd__dfxtp_1)
                    4.0184    3.4105    3.4105 ^ _21814_/Q (sky130_fd_sc_hd__dfxtp_1)
   113    0.2778                                 cntlr.core.CPU_reset_a3 (net)
                    4.0184    0.0000    3.4105 ^ _16633_/A (sky130_fd_sc_hd__clkinv_1)
                   19.1292   17.3784   20.7889 v _16633_/Y (sky130_fd_sc_hd__clkinv_1)
   913    1.4533                                 _2052_ (net)
                   19.1292    0.0000   20.7889 v _16638_/B1 (sky130_fd_sc_hd__o21ai_0)
                    2.8120    2.7048   23.4937 ^ _16638_/Y (sky130_fd_sc_hd__o21ai_0)
     1    0.0025                                 _2056_ (net)
                    2.8120    0.0000   23.4937 ^ _16639_/B1 (sky130_fd_sc_hd__a21oi_1)
                    0.4746    0.3898   23.8835 v _16639_/Y (sky130_fd_sc_hd__a21oi_1)
     1    0.0016                                 _46_ (net)
                    0.4746    0.0000   23.8835 v _20146_/D (sky130_fd_sc_hd__dfxtp_1)
                                       23.8835   data arrival time

                    0.0000   10.0000   10.0000   clock clk (rise edge)
                              0.0000   10.0000   clock network delay (ideal)
                              0.0000   10.0000   clock reconvergence pessimism
                                       10.0000 ^ _20146_/CLK (sky130_fd_sc_hd__dfxtp_1)
                             -0.4562    9.5438   library setup time
                                        9.5438   data required time
-------------------------------------------------------------------------------------
                                        9.5438   data required time
                                      -23.8835   data arrival time
-------------------------------------------------------------------------------------
                                      -14.3397   slack (VIOLATED)


