Startpoint: init_data[0] (input port clocked by clk)
Endpoint: mem (falling edge-triggered flip-flop clocked by clk)
Path Group: clk
Path Type: min

Fanout       Cap      Slew     Delay      Time   Description
-------------------------------------------------------------------------------------
                    0.0000    0.0000    0.0000   clock clk (rise edge)
                              0.0000    0.0000   clock network delay (ideal)
                              0.5000    0.5000 v input external delay
                    0.5000    0.0000    0.5000 v init_data[0] (in)
     1    0.0069                                 init_data[0] (net)
                    0.5000    0.0000    0.5000 v mem/din0[0] (sram_32_256_sky130A)
                                        0.5000   data arrival time

                    0.0000    0.0000    0.0000   clock clk (rise edge)
                              0.0000    0.0000   clock network delay (ideal)
                              0.0000    0.0000   clock reconvergence pessimism
                                        0.0000 ^ mem/clk0 (sram_32_256_sky130A)
                             -0.0560   -0.0560   library hold time
                                       -0.0560   data required time
-------------------------------------------------------------------------------------
                                       -0.0560   data required time
                                       -0.5000   data arrival time
-------------------------------------------------------------------------------------
                                        0.5560   slack (MET)


Startpoint: _21814_ (rising edge-triggered flip-flop clocked by clk)
Endpoint: _20146_ (rising edge-triggered flip-flop clocked by clk)
Path Group: clk
Path Type: max

Fanout       Cap      Slew     Delay      Time   Description
-------------------------------------------------------------------------------------
                    0.0000    0.0000    0.0000   clock clk (rise edge)
                              0.0000    0.0000   clock network delay (ideal)
                    0.0000    0.0000    0.0000 ^ _21814_/CLK (sky130_fd_sc_hd__dfxtp_1)
                    5.2099    4.5909    4.5909 ^ _21814_/Q (sky130_fd_sc_hd__dfxtp_1)
   113    0.2667                                 cntlr.core.CPU_reset_a3 (net)
                    5.2099    0.0000    4.5909 ^ _16633_/A (sky130_fd_sc_hd__clkinv_1)
                   26.3361   22.9343   27.5252 v _16633_/Y (sky130_fd_sc_hd__clkinv_1)
   913    1.4040                                 _2052_ (net)
                   26.3361    0.0000   27.5252 v _16638_/B1 (sky130_fd_sc_hd__o21ai_0)
                    4.0362    4.5890   32.1142 ^ _16638_/Y (sky130_fd_sc_hd__o21ai_0)
     1    0.0024                                 _2056_ (net)
                    4.0362    0.0000   32.1142 ^ _16639_/B1 (sky130_fd_sc_hd__a21oi_1)
                    0.6754    0.8388   32.9530 v _16639_/Y (sky130_fd_sc_hd__a21oi_1)
     1    0.0015                                 _46_ (net)
                    0.6754    0.0000   32.9530 v _20146_/D (sky130_fd_sc_hd__dfxtp_1)
                                       32.9530   data arrival time

                    0.0000   10.0000   10.0000   clock clk (rise edge)
                              0.0000   10.0000   clock network delay (ideal)
                              0.0000   10.0000   clock reconvergence pessimism
                                       10.0000 ^ _20146_/CLK (sky130_fd_sc_hd__dfxtp_1)
                             -0.7494    9.2506   library setup time
                                        9.2506   data required time
-------------------------------------------------------------------------------------
                                        9.2506   data required time
                                      -32.9530   data arrival time
-------------------------------------------------------------------------------------
                                      -23.7024   slack (VIOLATED)


