Startpoint: init_data[0] (input port clocked by clk)
Endpoint: mem (falling edge-triggered flip-flop clocked by clk)
Path Group: clk
Path Type: min

Fanout       Cap      Slew     Delay      Time   Description
-------------------------------------------------------------------------------------
                    0.0000    0.0000    0.0000   clock clk (rise edge)
                              0.0000    0.0000   clock network delay (ideal)
                              0.5000    0.5000 v input external delay
                    0.5000    0.0000    0.5000 v init_data[0] (in)
     1    0.0069                                 init_data[0] (net)
                    0.5000    0.0000    0.5000 v mem/din0[0] (sram_32_256_sky130A)
                                        0.5000   data arrival time

                    0.0000    0.0000    0.0000   clock clk (rise edge)
                              0.0000    0.0000   clock network delay (ideal)
                              0.0000    0.0000   clock reconvergence pessimism
                                        0.0000 ^ mem/clk0 (sram_32_256_sky130A)
                             -0.0560   -0.0560   library hold time
                                       -0.0560   data required time
-------------------------------------------------------------------------------------
                                       -0.0560   data required time
                                       -0.5000   data arrival time
-------------------------------------------------------------------------------------
                                        0.5560   slack (MET)


Startpoint: _21699_ (rising edge-triggered flip-flop clocked by clk)
Endpoint: mem (falling edge-triggered flip-flop clocked by clk)
Path Group: clk
Path Type: max

Fanout       Cap      Slew     Delay      Time   Description
-------------------------------------------------------------------------------------
                    0.0000    0.0000    0.0000   clock clk (rise edge)
                              0.0000    0.0000   clock network delay (ideal)
                    0.0000    0.0000    0.0000 ^ _21699_/CLK (sky130_fd_sc_hd__dfxtp_1)
                    0.0773    0.7770    0.7770 v _21699_/Q (sky130_fd_sc_hd__dfxtp_1)
     2    0.0038                                 cntlr.core.CPU_dmem_rd_en_a4 (net)
                    0.0773    0.0000    0.7770 v _10014_/A (sky130_fd_sc_hd__nor2_1)
                    0.1663    0.2150    0.9920 ^ _10014_/Y (sky130_fd_sc_hd__nor2_1)
     1    0.0024                                 _4041_ (net)
                    0.1663    0.0000    0.9920 ^ _10015_/C (sky130_fd_sc_hd__nand3_1)
                    2.3375    1.9462    2.9382 v _10015_/Y (sky130_fd_sc_hd__nand3_1)
    29    0.0713                                 _4042_ (net)
                    2.3375    0.0000    2.9382 v _10016_/A (sky130_fd_sc_hd__clkinv_1)
                    1.3623    1.9814    4.9196 ^ _10016_/Y (sky130_fd_sc_hd__clkinv_1)
    49    0.0984                                 cntlr.core.CPU_valid_a3 (net)
                    1.3623    0.0000    4.9196 ^ _10017_/A (sky130_fd_sc_hd__nand2_1)
                    0.3703    0.6964    5.6159 v _10017_/Y (sky130_fd_sc_hd__nand2_1)
     3    0.0071                                 _4043_ (net)
                    0.3703    0.0000    5.6159 v _11002_/B (sky130_fd_sc_hd__nor2_1)
                    4.7408    3.7582    9.3741 ^ _11002_/Y (sky130_fd_sc_hd__nor2_1)
    51    0.1203                                 _4960_ (net)
                    4.7408    0.0000    9.3741 ^ _11010_/A (sky130_fd_sc_hd__clkinv_1)
                    1.2043    2.4896   11.8638 v _11010_/Y (sky130_fd_sc_hd__clkinv_1)
    14    0.0278                                 _4967_ (net)
                    1.2043    0.0000   11.8638 v _11039_/B (sky130_fd_sc_hd__nand2_1)
                    0.2626    0.5324   12.3962 ^ _11039_/Y (sky130_fd_sc_hd__nand2_1)
     1    0.0023                                 _4992_ (net)
                    0.2626    0.0000   12.3962 ^ _11042_/A1 (sky130_fd_sc_hd__a21oi_1)
                    0.1141    0.2319   12.6280 v _11042_/Y (sky130_fd_sc_hd__a21oi_1)
     1    0.0021                                 _4995_ (net)
                    0.1141    0.0000   12.6280 v _11043_/B1 (sky130_fd_sc_hd__a31oi_1)
                    0.3617    0.2786   12.9067 ^ _11043_/Y (sky130_fd_sc_hd__a31oi_1)
     1    0.0023                                 _4996_ (net)
                    0.3617    0.0000   12.9067 ^ _11045_/A2 (sky130_fd_sc_hd__a21oi_1)
                    0.4433    0.3270   13.2337 v _11045_/Y (sky130_fd_sc_hd__a21oi_1)
     2    0.0043                                 cntlr.core.CPU_pc_a0[7] (net)
                    0.4433    0.0000   13.2337 v _9929_/A (sky130_fd_sc_hd__clkinv_1)
                    0.1034    0.2003   13.4340 ^ _9929_/Y (sky130_fd_sc_hd__clkinv_1)
     1    0.0017                                 _10_ (net)
                    0.1034    0.0000   13.4340 ^ _9931_/A2 (sky130_fd_sc_hd__o21ai_0)
                    0.3340    0.3081   13.7421 v _9931_/Y (sky130_fd_sc_hd__o21ai_0)
     1    0.0069                                 cntlr.mem_addr[5] (net)
                    0.4453    0.0000   13.7421 v mem/addr0[5] (sram_32_256_sky130A)
                                       13.7421   data arrival time

                    0.0000   10.0000   10.0000   clock clk (rise edge)
                              0.0000   10.0000   clock network delay (ideal)
                              0.0000   10.0000   clock reconvergence pessimism
                                       10.0000 ^ mem/clk0 (sram_32_256_sky130A)
                             -0.1030    9.8970   library setup time
                                        9.8970   data required time
-------------------------------------------------------------------------------------
                                        9.8970   data required time
                                      -13.7421   data arrival time
-------------------------------------------------------------------------------------
                                       -3.8451   slack (VIOLATED)


