Startpoint: init_data[0] (input port clocked by clk)
Endpoint: mem (falling edge-triggered flip-flop clocked by clk)
Path Group: clk
Path Type: min

Fanout       Cap      Slew     Delay      Time   Description
-------------------------------------------------------------------------------------
                    0.0000    0.0000    0.0000   clock clk (rise edge)
                              0.0000    0.0000   clock network delay (ideal)
                              0.5000    0.5000 v input external delay
                    0.5000    0.0000    0.5000 v init_data[0] (in)
     1    0.0069                                 init_data[0] (net)
                    0.5000    0.0000    0.5000 v mem/din0[0] (sram_32_256_sky130A)
                                        0.5000   data arrival time

                    0.0000    0.0000    0.0000   clock clk (rise edge)
                              0.0000    0.0000   clock network delay (ideal)
                              0.0000    0.0000   clock reconvergence pessimism
                                        0.0000 ^ mem/clk0 (sram_32_256_sky130A)
                             -0.0560   -0.0560   library hold time
                                       -0.0560   data required time
-------------------------------------------------------------------------------------
                                       -0.0560   data required time
                                       -0.5000   data arrival time
-------------------------------------------------------------------------------------
                                        0.5560   slack (MET)


Startpoint: _21699_ (rising edge-triggered flip-flop clocked by clk)
Endpoint: mem (falling edge-triggered flip-flop clocked by clk)
Path Group: clk
Path Type: max

Fanout       Cap      Slew     Delay      Time   Description
-------------------------------------------------------------------------------------
                    0.0000    0.0000    0.0000   clock clk (rise edge)
                              0.0000    0.0000   clock network delay (ideal)
                    0.0000    0.0000    0.0000 ^ _21699_/CLK (sky130_fd_sc_hd__dfxtp_1)
                    0.0594    0.5514    0.5514 v _21699_/Q (sky130_fd_sc_hd__dfxtp_1)
     2    0.0039                                 cntlr.core.CPU_dmem_rd_en_a4 (net)
                    0.0594    0.0000    0.5514 v _10014_/A (sky130_fd_sc_hd__nor2_1)
                    0.1230    0.1540    0.7054 ^ _10014_/Y (sky130_fd_sc_hd__nor2_1)
     1    0.0025                                 _4041_ (net)
                    0.1230    0.0000    0.7054 ^ _10015_/C (sky130_fd_sc_hd__nand3_1)
                    1.7115    1.3878    2.0931 v _10015_/Y (sky130_fd_sc_hd__nand3_1)
    29    0.0739                                 _4042_ (net)
                    1.7115    0.0000    2.0931 v _10016_/A (sky130_fd_sc_hd__clkinv_1)
                    1.0218    1.4208    3.5139 ^ _10016_/Y (sky130_fd_sc_hd__clkinv_1)
    49    0.1022                                 cntlr.core.CPU_valid_a3 (net)
                    1.0218    0.0000    3.5139 ^ _10017_/A (sky130_fd_sc_hd__nand2_1)
                    0.2828    0.4447    3.9586 v _10017_/Y (sky130_fd_sc_hd__nand2_1)
     3    0.0074                                 _4043_ (net)
                    0.2828    0.0000    3.9586 v _11002_/B (sky130_fd_sc_hd__nor2_1)
                    3.5251    2.7357    6.6943 ^ _11002_/Y (sky130_fd_sc_hd__nor2_1)
    51    0.1251                                 _4960_ (net)
                    3.5251    0.0000    6.6943 ^ _11010_/A (sky130_fd_sc_hd__clkinv_1)
                    0.9479    1.6306    8.3249 v _11010_/Y (sky130_fd_sc_hd__clkinv_1)
    14    0.0288                                 _4967_ (net)
                    0.9479    0.0000    8.3249 v _11039_/B (sky130_fd_sc_hd__nand2_1)
                    0.2093    0.3470    8.6719 ^ _11039_/Y (sky130_fd_sc_hd__nand2_1)
     1    0.0024                                 _4992_ (net)
                    0.2093    0.0000    8.6719 ^ _11042_/A1 (sky130_fd_sc_hd__a21oi_1)
                    0.0928    0.1680    8.8399 v _11042_/Y (sky130_fd_sc_hd__a21oi_1)
     1    0.0022                                 _4995_ (net)
                    0.0928    0.0000    8.8399 v _11043_/B1 (sky130_fd_sc_hd__a31oi_1)
                    0.2973    0.2173    9.0572 ^ _11043_/Y (sky130_fd_sc_hd__a31oi_1)
     1    0.0024                                 _4996_ (net)
                    0.2973    0.0000    9.0572 ^ _11045_/A2 (sky130_fd_sc_hd__a21oi_1)
                    0.3533    0.2342    9.2914 v _11045_/Y (sky130_fd_sc_hd__a21oi_1)
     2    0.0045                                 cntlr.core.CPU_pc_a0[7] (net)
                    0.3533    0.0000    9.2914 v _9929_/A (sky130_fd_sc_hd__clkinv_1)
                    0.0851    0.1302    9.4216 ^ _9929_/Y (sky130_fd_sc_hd__clkinv_1)
     1    0.0018                                 _10_ (net)
                    0.0851    0.0000    9.4216 ^ _9931_/A2 (sky130_fd_sc_hd__o21ai_0)
                    0.2696    0.2207    9.6423 v _9931_/Y (sky130_fd_sc_hd__o21ai_0)
     1    0.0069                                 cntlr.mem_addr[5] (net)
                    0.3595    0.0000    9.6423 v mem/addr0[5] (sram_32_256_sky130A)
                                        9.6423   data arrival time

                    0.0000   10.0000   10.0000   clock clk (rise edge)
                              0.0000   10.0000   clock network delay (ideal)
                              0.0000   10.0000   clock reconvergence pessimism
                                       10.0000 ^ mem/clk0 (sram_32_256_sky130A)
                             -0.1030    9.8970   library setup time
                                        9.8970   data required time
-------------------------------------------------------------------------------------
                                        9.8970   data required time
                                       -9.6423   data arrival time
-------------------------------------------------------------------------------------
                                        0.2547   slack (MET)


