Startpoint: _20588_ (rising edge-triggered flip-flop clocked by clk)
Endpoint: _21686_ (rising edge-triggered flip-flop clocked by clk)
Path Group: clk
Path Type: min

Fanout       Cap      Slew     Delay      Time   Description
-------------------------------------------------------------------------------------
                    0.0000    0.0000    0.0000   clock clk (rise edge)
                              0.0000    0.0000   clock network delay (ideal)
                    0.0000    0.0000    0.0000 ^ _20588_/CLK (sky130_fd_sc_hd__dfxtp_1)
                    0.0275    0.4099    0.4099 v _20588_/Q (sky130_fd_sc_hd__dfxtp_1)
     1    0.0015                                 cntlr.core.CPU_Xreg_value_a5[17][0] (net)
                    0.0275    0.0000    0.4099 v _21686_/D (sky130_fd_sc_hd__dfxtp_1)
                                        0.4099   data arrival time

                    0.0000    0.0000    0.0000   clock clk (rise edge)
                              0.0000    0.0000   clock network delay (ideal)
                              0.0000    0.0000   clock reconvergence pessimism
                                        0.0000 ^ _21686_/CLK (sky130_fd_sc_hd__dfxtp_1)
                             -0.0939   -0.0939   library hold time
                                       -0.0939   data required time
-------------------------------------------------------------------------------------
                                       -0.0939   data required time
                                       -0.4099   data arrival time
-------------------------------------------------------------------------------------
                                        0.5038   slack (MET)


Startpoint: _21814_ (rising edge-triggered flip-flop clocked by clk)
Endpoint: _20152_ (rising edge-triggered flip-flop clocked by clk)
Path Group: clk
Path Type: max

Fanout       Cap      Slew     Delay      Time   Description
-------------------------------------------------------------------------------------
                    0.0000    0.0000    0.0000   clock clk (rise edge)
                              0.0000    0.0000   clock network delay (ideal)
                    0.0000    0.0000    0.0000 ^ _21814_/CLK (sky130_fd_sc_hd__dfxtp_1)
                    3.9138    3.2108    3.2108 ^ _21814_/Q (sky130_fd_sc_hd__dfxtp_1)
   113    0.2685                                 cntlr.core.CPU_reset_a3 (net)
                    3.9138    0.0000    3.2108 ^ _16633_/A (sky130_fd_sc_hd__clkinv_1)
                    8.1245   11.9882   15.1990 v _16633_/Y (sky130_fd_sc_hd__clkinv_1)
   913    1.3720                                 _2052_ (net)
                    8.1245    0.0000   15.1990 v _16661_/B1 (sky130_fd_sc_hd__o21ai_0)
                    1.4009    2.9001   18.0990 ^ _16661_/Y (sky130_fd_sc_hd__o21ai_0)
     1    0.0023                                 _2073_ (net)
                    1.4009    0.0000   18.0990 ^ _16662_/B1 (sky130_fd_sc_hd__a31oi_1)
                    0.3710    0.2425   18.3415 v _16662_/Y (sky130_fd_sc_hd__a31oi_1)
     1    0.0015                                 _52_ (net)
                    0.3710    0.0000   18.3415 v _20152_/D (sky130_fd_sc_hd__dfxtp_1)
                                       18.3415   data arrival time

                    0.0000   10.0000   10.0000   clock clk (rise edge)
                              0.0000   10.0000   clock network delay (ideal)
                              0.0000   10.0000   clock reconvergence pessimism
                                       10.0000 ^ _20152_/CLK (sky130_fd_sc_hd__dfxtp_1)
                             -0.4196    9.5804   library setup time
                                        9.5804   data required time
-------------------------------------------------------------------------------------
                                        9.5804   data required time
                                      -18.3415   data arrival time
-------------------------------------------------------------------------------------
                                       -8.7611   slack (VIOLATED)


